// Jest Snapshot v1, https://goo.gl/fbAQLP

exports[`should return correctly for multi line comment 1`] = `"multi-line-comment"`;

exports[`should return correctly for single line comment 1`] = `"single-line-comment"`;
