// Jest Snapshot v1, https://goo.gl/fbAQLP

exports[`description_1(
    
    ) 1`] = `"{ result: string; }"`;

exports[`description_2(
    ) 1`] = `"{ result: number; }"`;

exports[`description_3() 1`] = `"{ result: symbol; }"`;
