// Jest Snapshot v1, https://goo.gl/fbAQLP

exports[`error(1) 1`] = `"Argument of type '1' is not assignable to parameter of type 'never'."`;
