// Jest Snapshot v1, https://goo.gl/fbAQLP

exports[`2: expect-only 1`] = `"{ result: any; }"`;
