// Jest Snapshot v1, https://goo.gl/fbAQLP

exports[`string_to_any('b') 1`] = `"any"`;
