// Jest Snapshot v1, https://goo.gl/fbAQLP

exports[`optional-description 1`] = `"{ result: symbol; }"`;

exports[`test_title_description_1(
    
    ) 1`] = `"{ result: string; }"`;

exports[`test_title_description_2() 1`] = `"{ result: number; }"`;
