// Jest Snapshot v1, https://goo.gl/fbAQLP

exports[`test_flag_only(2) 1`] = `"{ result: any; }"`;
