// Jest Snapshot v1, https://goo.gl/fbAQLP

exports[`test_flag_none(1) 1`] = `"{ result: any; }"`;

exports[`test_flag_none(2) 1`] = `"{ result: any; }"`;

exports[`test_flag_none(3) 1`] = `"{ result: any; }"`;
