// Jest Snapshot v1, https://goo.gl/fbAQLP

exports[`string_to_any(2) 1`] = `"Argument of type '2' is not assignable to parameter of type 'string'."`;
