// Jest Snapshot v1, https://goo.gl/fbAQLP

exports[`string_to_any('') 1`] = `"any"`;
