// Jest Snapshot v1, https://goo.gl/fbAQLP

exports[`number_to_string('x') 1`] = `"Argument of type '\\"x\\"' is not assignable to parameter of type 'number'."`;

exports[`number_to_string(1) 1`] = `"string"`;

exports[`number_to_string(2) 1`] = `"string"`;
