// Jest Snapshot v1, https://goo.gl/fbAQLP

exports[`Math.max(1, 2, 3) 1`] = `"1"`;

exports[`Math.max(1, 2, 3) 2`] = `"2"`;

exports[`Math.max(1, 2, 3) 3`] = `"3"`;
